---
source: libdata/tests/key.rs
expression: keypair.as_slice()
---
[
    93,
    231,
    127,
    64,
    98,
    248,
    209,
    207,
    135,
    196,
    64,
    37,
    232,
    244,
    80,
    206,
    233,
    111,
    46,
    169,
    25,
    151,
    233,
    255,
    193,
    251,
    46,
    125,
    101,
    116,
    248,
    44,
    253,
    200,
    19,
    112,
    70,
    148,
    5,
    62,
    207,
    31,
    162,
    197,
    34,
    86,
    158,
    45,
    199,
    67,
    62,
    85,
    209,
    169,
    219,
    226,
    104,
    25,
    58,
    37,
    179,
    211,
    95,
    188,
]
