---
source: libdata/tests/key.rs
expression: keypair.as_slice()
---
[
    100,
    234,
    209,
    137,
    37,
    211,
    93,
    136,
    193,
    21,
    98,
    61,
    16,
    92,
    64,
    180,
    4,
    211,
    140,
    67,
    45,
    28,
    198,
    92,
    185,
    169,
    91,
    42,
    45,
    134,
    221,
    100,
    83,
    135,
    70,
    138,
    218,
    161,
    78,
    193,
    114,
    102,
    116,
    225,
    71,
    76,
    77,
    196,
    72,
    238,
    193,
    1,
    173,
    164,
    154,
    151,
    159,
    155,
    12,
    200,
    231,
    2,
    193,
    222,
]
