---
source: libdata/tests/key.rs
expression: keypair.as_slice()
---
[
    227,
    223,
    236,
    150,
    143,
    69,
    58,
    123,
    130,
    102,
    130,
    26,
    113,
    243,
    210,
    187,
    239,
    165,
    77,
    66,
    88,
    45,
    164,
    120,
    205,
    182,
    190,
    168,
    96,
    116,
    177,
    73,
    146,
    136,
    248,
    59,
    165,
    98,
    169,
    77,
    49,
    125,
    180,
    33,
    123,
    183,
    79,
    46,
    105,
    8,
    165,
    241,
    165,
    94,
    168,
    148,
    135,
    0,
    191,
    138,
    30,
    12,
    7,
    161,
]
